[0.558s] Invoking command in '/home/wcy/ros2_ws/src/ackermann_car': PYTHONPATH=/home/wcy/ros2_ws/build/ackermann_car/prefix_override:/usr/lib/python3/dist-packages/colcon_core/task/python/colcon_distutils_commands:/home/wcy/ros2_ws/install/ackermann_car/lib/python3.8/site-packages:${PYTHONPATH} /usr/bin/python3 -W ignore:setup.py install is deprecated -W ignore:easy_install command is deprecated setup.py egg_info --egg-base ../../build/ackermann_car build --build-base /home/wcy/ros2_ws/build/ackermann_car/build install --record /home/wcy/ros2_ws/build/ackermann_car/install.log --single-version-externally-managed install_data
[0.739s] running egg_info
[0.739s] creating ../../build/ackermann_car/ackermann_car.egg-info
[0.739s] writing ../../build/ackermann_car/ackermann_car.egg-info/PKG-INFO
[0.740s] writing dependency_links to ../../build/ackermann_car/ackermann_car.egg-info/dependency_links.txt
[0.740s] writing entry points to ../../build/ackermann_car/ackermann_car.egg-info/entry_points.txt
[0.740s] writing requirements to ../../build/ackermann_car/ackermann_car.egg-info/requires.txt
[0.740s] writing top-level names to ../../build/ackermann_car/ackermann_car.egg-info/top_level.txt
[0.741s] writing manifest file '../../build/ackermann_car/ackermann_car.egg-info/SOURCES.txt'
[0.766s] reading manifest file '../../build/ackermann_car/ackermann_car.egg-info/SOURCES.txt'
[0.767s] writing manifest file '../../build/ackermann_car/ackermann_car.egg-info/SOURCES.txt'
[0.767s] running build
[0.767s] running build_py
[0.767s] creating /home/wcy/ros2_ws/build/ackermann_car/build
[0.767s] creating /home/wcy/ros2_ws/build/ackermann_car/build/lib
[0.768s] creating /home/wcy/ros2_ws/build/ackermann_car/build/lib/ackermann_car
[0.768s] copying ackermann_car/__init__.py -> /home/wcy/ros2_ws/build/ackermann_car/build/lib/ackermann_car
[0.768s] creating /home/wcy/ros2_ws/build/ackermann_car/build/lib/ackermann_car/controller
[0.768s] copying ackermann_car/controller/world_ctrl.py -> /home/wcy/ros2_ws/build/ackermann_car/build/lib/ackermann_car/controller
[0.768s] copying ackermann_car/controller/__init__.py -> /home/wcy/ros2_ws/build/ackermann_car/build/lib/ackermann_car/controller
[0.768s] running install
[0.768s] running install_lib
[0.769s] creating /home/wcy/ros2_ws/install/ackermann_car/lib/python3.8/site-packages/ackermann_car
[0.769s] creating /home/wcy/ros2_ws/install/ackermann_car/lib/python3.8/site-packages/ackermann_car/controller
[0.769s] copying /home/wcy/ros2_ws/build/ackermann_car/build/lib/ackermann_car/controller/world_ctrl.py -> /home/wcy/ros2_ws/install/ackermann_car/lib/python3.8/site-packages/ackermann_car/controller
[0.769s] copying /home/wcy/ros2_ws/build/ackermann_car/build/lib/ackermann_car/controller/__init__.py -> /home/wcy/ros2_ws/install/ackermann_car/lib/python3.8/site-packages/ackermann_car/controller
[0.769s] copying /home/wcy/ros2_ws/build/ackermann_car/build/lib/ackermann_car/__init__.py -> /home/wcy/ros2_ws/install/ackermann_car/lib/python3.8/site-packages/ackermann_car
[0.770s] byte-compiling /home/wcy/ros2_ws/install/ackermann_car/lib/python3.8/site-packages/ackermann_car/controller/world_ctrl.py to world_ctrl.cpython-38.pyc
[0.771s] byte-compiling /home/wcy/ros2_ws/install/ackermann_car/lib/python3.8/site-packages/ackermann_car/controller/__init__.py to __init__.cpython-38.pyc
[0.772s] byte-compiling /home/wcy/ros2_ws/install/ackermann_car/lib/python3.8/site-packages/ackermann_car/__init__.py to __init__.cpython-38.pyc
[0.772s] running install_data
[0.772s] creating /home/wcy/ros2_ws/install/ackermann_car/share/ament_index
[0.772s] creating /home/wcy/ros2_ws/install/ackermann_car/share/ament_index/resource_index
[0.772s] creating /home/wcy/ros2_ws/install/ackermann_car/share/ament_index/resource_index/packages
[0.772s] copying resource/ackermann_car -> /home/wcy/ros2_ws/install/ackermann_car/share/ament_index/resource_index/packages
[0.772s] copying package.xml -> /home/wcy/ros2_ws/install/ackermann_car/share/ackermann_car
[0.772s] creating /home/wcy/ros2_ws/install/ackermann_car/share/ackermann_car/launch
[0.772s] copying launch/gazebo.launch.py -> /home/wcy/ros2_ws/install/ackermann_car/share/ackermann_car/launch
[0.772s] copying launch/test_robot_description.launch.py -> /home/wcy/ros2_ws/install/ackermann_car/share/ackermann_car/launch
[0.773s] creating /home/wcy/ros2_ws/install/ackermann_car/share/ackermann_car/worlds
[0.773s] copying worlds/ackermann_world.sdf -> /home/wcy/ros2_ws/install/ackermann_car/share/ackermann_car/worlds
[0.773s] creating /home/wcy/ros2_ws/install/ackermann_car/share/ackermann_car/urdf
[0.773s] copying urdf/ackermann_car.xacro -> /home/wcy/ros2_ws/install/ackermann_car/share/ackermann_car/urdf
[0.773s] running install_egg_info
[0.774s] Copying ../../build/ackermann_car/ackermann_car.egg-info to /home/wcy/ros2_ws/install/ackermann_car/lib/python3.8/site-packages/ackermann_car-0.0.0-py3.8.egg-info
[0.775s] running install_scripts
[0.789s] Installing world_controller script to /home/wcy/ros2_ws/install/ackermann_car/lib/ackermann_car
[0.789s] writing list of installed files to '/home/wcy/ros2_ws/build/ackermann_car/install.log'
[0.820s] Invoked command in '/home/wcy/ros2_ws/src/ackermann_car' returned '0': PYTHONPATH=/home/wcy/ros2_ws/build/ackermann_car/prefix_override:/usr/lib/python3/dist-packages/colcon_core/task/python/colcon_distutils_commands:/home/wcy/ros2_ws/install/ackermann_car/lib/python3.8/site-packages:${PYTHONPATH} /usr/bin/python3 -W ignore:setup.py install is deprecated -W ignore:easy_install command is deprecated setup.py egg_info --egg-base ../../build/ackermann_car build --build-base /home/wcy/ros2_ws/build/ackermann_car/build install --record /home/wcy/ros2_ws/build/ackermann_car/install.log --single-version-externally-managed install_data
