running egg_info
creating ../../build/ackermann_car/ackermann_car.egg-info
writing ../../build/ackermann_car/ackermann_car.egg-info/PKG-INFO
writing dependency_links to ../../build/ackermann_car/ackermann_car.egg-info/dependency_links.txt
writing entry points to ../../build/ackermann_car/ackermann_car.egg-info/entry_points.txt
writing requirements to ../../build/ackermann_car/ackermann_car.egg-info/requires.txt
writing top-level names to ../../build/ackermann_car/ackermann_car.egg-info/top_level.txt
writing manifest file '../../build/ackermann_car/ackermann_car.egg-info/SOURCES.txt'
reading manifest file '../../build/ackermann_car/ackermann_car.egg-info/SOURCES.txt'
writing manifest file '../../build/ackermann_car/ackermann_car.egg-info/SOURCES.txt'
running build
running build_py
creating /home/wcy/ros2_ws/build/ackermann_car/build
creating /home/wcy/ros2_ws/build/ackermann_car/build/lib
creating /home/wcy/ros2_ws/build/ackermann_car/build/lib/ackermann_car
copying ackermann_car/__init__.py -> /home/wcy/ros2_ws/build/ackermann_car/build/lib/ackermann_car
creating /home/wcy/ros2_ws/build/ackermann_car/build/lib/ackermann_car/controller
copying ackermann_car/controller/world_ctrl.py -> /home/wcy/ros2_ws/build/ackermann_car/build/lib/ackermann_car/controller
copying ackermann_car/controller/__init__.py -> /home/wcy/ros2_ws/build/ackermann_car/build/lib/ackermann_car/controller
running install
running install_lib
creating /home/wcy/ros2_ws/install/ackermann_car/lib/python3.10/site-packages/ackermann_car
creating /home/wcy/ros2_ws/install/ackermann_car/lib/python3.10/site-packages/ackermann_car/controller
copying /home/wcy/ros2_ws/build/ackermann_car/build/lib/ackermann_car/controller/world_ctrl.py -> /home/wcy/ros2_ws/install/ackermann_car/lib/python3.10/site-packages/ackermann_car/controller
copying /home/wcy/ros2_ws/build/ackermann_car/build/lib/ackermann_car/controller/__init__.py -> /home/wcy/ros2_ws/install/ackermann_car/lib/python3.10/site-packages/ackermann_car/controller
copying /home/wcy/ros2_ws/build/ackermann_car/build/lib/ackermann_car/__init__.py -> /home/wcy/ros2_ws/install/ackermann_car/lib/python3.10/site-packages/ackermann_car
byte-compiling /home/wcy/ros2_ws/install/ackermann_car/lib/python3.10/site-packages/ackermann_car/controller/world_ctrl.py to world_ctrl.cpython-310.pyc
byte-compiling /home/wcy/ros2_ws/install/ackermann_car/lib/python3.10/site-packages/ackermann_car/controller/__init__.py to __init__.cpython-310.pyc
byte-compiling /home/wcy/ros2_ws/install/ackermann_car/lib/python3.10/site-packages/ackermann_car/__init__.py to __init__.cpython-310.pyc
running install_data
creating /home/wcy/ros2_ws/install/ackermann_car/share/ament_index
creating /home/wcy/ros2_ws/install/ackermann_car/share/ament_index/resource_index
creating /home/wcy/ros2_ws/install/ackermann_car/share/ament_index/resource_index/packages
copying resource/ackermann_car -> /home/wcy/ros2_ws/install/ackermann_car/share/ament_index/resource_index/packages
copying package.xml -> /home/wcy/ros2_ws/install/ackermann_car/share/ackermann_car
creating /home/wcy/ros2_ws/install/ackermann_car/share/ackermann_car/launch
copying launch/test_robot_description.launch.py -> /home/wcy/ros2_ws/install/ackermann_car/share/ackermann_car/launch
copying launch/gazebo.launch.py -> /home/wcy/ros2_ws/install/ackermann_car/share/ackermann_car/launch
creating /home/wcy/ros2_ws/install/ackermann_car/share/ackermann_car/worlds
copying worlds/ackermann_world.sdf -> /home/wcy/ros2_ws/install/ackermann_car/share/ackermann_car/worlds
creating /home/wcy/ros2_ws/install/ackermann_car/share/ackermann_car/urdf
copying urdf/ackermann_car.xacro -> /home/wcy/ros2_ws/install/ackermann_car/share/ackermann_car/urdf
running install_egg_info
Copying ../../build/ackermann_car/ackermann_car.egg-info to /home/wcy/ros2_ws/install/ackermann_car/lib/python3.10/site-packages/ackermann_car-0.0.0-py3.10.egg-info
running install_scripts
Installing world_controller script to /home/wcy/ros2_ws/install/ackermann_car/lib/ackermann_car
writing list of installed files to '/home/wcy/ros2_ws/build/ackermann_car/install.log'
