[0.515s] Invoking command in '/home/wcy/ros2_ws/build/ackermann_car': PYTHONPATH=/home/wcy/ros2_ws/build/ackermann_car/prefix_override:/usr/lib/python3/dist-packages/colcon_core/task/python/colcon_distutils_commands:/home/wcy/ros2_ws/install/ackermann_car/lib/python3.10/site-packages:${PYTHONPATH} /usr/bin/python3 -W ignore:setup.py install is deprecated -W ignore:easy_install command is deprecated setup.py develop --editable --build-directory /home/wcy/ros2_ws/build/ackermann_car/build --no-deps symlink_data
[0.716s] running develop
[0.836s] running egg_info
[0.836s] creating ackermann_car.egg-info
[0.836s] writing ackermann_car.egg-info/PKG-INFO
[0.836s] writing dependency_links to ackermann_car.egg-info/dependency_links.txt
[0.836s] writing entry points to ackermann_car.egg-info/entry_points.txt
[0.836s] writing requirements to ackermann_car.egg-info/requires.txt
[0.836s] writing top-level names to ackermann_car.egg-info/top_level.txt
[0.836s] writing manifest file 'ackermann_car.egg-info/SOURCES.txt'
[0.838s] reading manifest file 'ackermann_car.egg-info/SOURCES.txt'
[0.838s] writing manifest file 'ackermann_car.egg-info/SOURCES.txt'
[0.839s] running build_ext
[0.840s] Creating /home/wcy/ros2_ws/install/ackermann_car/lib/python3.10/site-packages/ackermann-car.egg-link (link to .)
[0.840s] Installing world_controller script to /home/wcy/ros2_ws/install/ackermann_car/lib/ackermann_car
[0.840s] 
[0.840s] Installed /home/wcy/ros2_ws/build/ackermann_car
[0.840s] running symlink_data
[0.841s] creating /home/wcy/ros2_ws/install/ackermann_car/share/ament_index
[0.841s] creating /home/wcy/ros2_ws/install/ackermann_car/share/ament_index/resource_index
[0.841s] creating /home/wcy/ros2_ws/install/ackermann_car/share/ament_index/resource_index/packages
[0.841s] symbolically linking /home/wcy/ros2_ws/build/ackermann_car/resource/ackermann_car -> /home/wcy/ros2_ws/install/ackermann_car/share/ament_index/resource_index/packages
[0.841s] symbolically linking /home/wcy/ros2_ws/build/ackermann_car/package.xml -> /home/wcy/ros2_ws/install/ackermann_car/share/ackermann_car
[0.841s] creating /home/wcy/ros2_ws/install/ackermann_car/share/ackermann_car/launch
[0.841s] symbolically linking /home/wcy/ros2_ws/build/ackermann_car/launch/gazebo.launch.py -> /home/wcy/ros2_ws/install/ackermann_car/share/ackermann_car/launch
[0.841s] creating /home/wcy/ros2_ws/install/ackermann_car/share/ackermann_car/worlds
[0.841s] symbolically linking /home/wcy/ros2_ws/build/ackermann_car/worlds/ackermann_world.sdf -> /home/wcy/ros2_ws/install/ackermann_car/share/ackermann_car/worlds
[0.871s] Invoked command in '/home/wcy/ros2_ws/build/ackermann_car' returned '0': PYTHONPATH=/home/wcy/ros2_ws/build/ackermann_car/prefix_override:/usr/lib/python3/dist-packages/colcon_core/task/python/colcon_distutils_commands:/home/wcy/ros2_ws/install/ackermann_car/lib/python3.10/site-packages:${PYTHONPATH} /usr/bin/python3 -W ignore:setup.py install is deprecated -W ignore:easy_install command is deprecated setup.py develop --editable --build-directory /home/wcy/ros2_ws/build/ackermann_car/build --no-deps symlink_data
