[0.457s] Invoking command in '/home/wcy/ros2_ws/src/ackermann_car': PYTHONPATH=/home/wcy/ros2_ws/build/ackermann_car/prefix_override:/usr/lib/python3/dist-packages/colcon_core/task/python/colcon_distutils_commands:/home/wcy/ros2_ws/install/ackermann_car/lib/python3.10/site-packages:${PYTHONPATH} /usr/bin/python3 -W ignore:setup.py install is deprecated -W ignore:easy_install command is deprecated setup.py egg_info --egg-base ../../build/ackermann_car build --build-base /home/wcy/ros2_ws/build/ackermann_car/build install --record /home/wcy/ros2_ws/build/ackermann_car/install.log --single-version-externally-managed install_data
[0.632s] running egg_info
[0.632s] creating ../../build/ackermann_car/ackermann_car.egg-info
[0.632s] writing ../../build/ackermann_car/ackermann_car.egg-info/PKG-INFO
[0.633s] writing dependency_links to ../../build/ackermann_car/ackermann_car.egg-info/dependency_links.txt
[0.633s] writing entry points to ../../build/ackermann_car/ackermann_car.egg-info/entry_points.txt
[0.633s] writing requirements to ../../build/ackermann_car/ackermann_car.egg-info/requires.txt
[0.633s] writing top-level names to ../../build/ackermann_car/ackermann_car.egg-info/top_level.txt
[0.633s] writing manifest file '../../build/ackermann_car/ackermann_car.egg-info/SOURCES.txt'
[0.634s] reading manifest file '../../build/ackermann_car/ackermann_car.egg-info/SOURCES.txt'
[0.635s] writing manifest file '../../build/ackermann_car/ackermann_car.egg-info/SOURCES.txt'
[0.635s] running build
[0.635s] running build_py
[0.635s] creating /home/wcy/ros2_ws/build/ackermann_car/build
[0.635s] creating /home/wcy/ros2_ws/build/ackermann_car/build/lib
[0.635s] creating /home/wcy/ros2_ws/build/ackermann_car/build/lib/ackermann_car
[0.635s] copying ackermann_car/__init__.py -> /home/wcy/ros2_ws/build/ackermann_car/build/lib/ackermann_car
[0.635s] creating /home/wcy/ros2_ws/build/ackermann_car/build/lib/ackermann_car/controller
[0.635s] copying ackermann_car/controller/world_ctrl.py -> /home/wcy/ros2_ws/build/ackermann_car/build/lib/ackermann_car/controller
[0.635s] copying ackermann_car/controller/__init__.py -> /home/wcy/ros2_ws/build/ackermann_car/build/lib/ackermann_car/controller
[0.636s] running install
[0.636s] running install_lib
[0.636s] creating /home/wcy/ros2_ws/install/ackermann_car/lib/python3.10/site-packages/ackermann_car
[0.636s] creating /home/wcy/ros2_ws/install/ackermann_car/lib/python3.10/site-packages/ackermann_car/controller
[0.637s] copying /home/wcy/ros2_ws/build/ackermann_car/build/lib/ackermann_car/controller/world_ctrl.py -> /home/wcy/ros2_ws/install/ackermann_car/lib/python3.10/site-packages/ackermann_car/controller
[0.637s] copying /home/wcy/ros2_ws/build/ackermann_car/build/lib/ackermann_car/controller/__init__.py -> /home/wcy/ros2_ws/install/ackermann_car/lib/python3.10/site-packages/ackermann_car/controller
[0.637s] copying /home/wcy/ros2_ws/build/ackermann_car/build/lib/ackermann_car/__init__.py -> /home/wcy/ros2_ws/install/ackermann_car/lib/python3.10/site-packages/ackermann_car
[0.637s] byte-compiling /home/wcy/ros2_ws/install/ackermann_car/lib/python3.10/site-packages/ackermann_car/controller/world_ctrl.py to world_ctrl.cpython-310.pyc
[0.638s] byte-compiling /home/wcy/ros2_ws/install/ackermann_car/lib/python3.10/site-packages/ackermann_car/controller/__init__.py to __init__.cpython-310.pyc
[0.638s] byte-compiling /home/wcy/ros2_ws/install/ackermann_car/lib/python3.10/site-packages/ackermann_car/__init__.py to __init__.cpython-310.pyc
[0.638s] running install_data
[0.638s] creating /home/wcy/ros2_ws/install/ackermann_car/share/ament_index
[0.639s] creating /home/wcy/ros2_ws/install/ackermann_car/share/ament_index/resource_index
[0.639s] creating /home/wcy/ros2_ws/install/ackermann_car/share/ament_index/resource_index/packages
[0.639s] copying resource/ackermann_car -> /home/wcy/ros2_ws/install/ackermann_car/share/ament_index/resource_index/packages
[0.639s] copying package.xml -> /home/wcy/ros2_ws/install/ackermann_car/share/ackermann_car
[0.639s] creating /home/wcy/ros2_ws/install/ackermann_car/share/ackermann_car/launch
[0.639s] copying launch/gazebo.launch.py -> /home/wcy/ros2_ws/install/ackermann_car/share/ackermann_car/launch
[0.639s] creating /home/wcy/ros2_ws/install/ackermann_car/share/ackermann_car/worlds
[0.639s] copying worlds/ackermann_world.sdf -> /home/wcy/ros2_ws/install/ackermann_car/share/ackermann_car/worlds
[0.639s] running install_egg_info
[0.640s] Copying ../../build/ackermann_car/ackermann_car.egg-info to /home/wcy/ros2_ws/install/ackermann_car/lib/python3.10/site-packages/ackermann_car-0.0.0-py3.10.egg-info
[0.641s] running install_scripts
[0.656s] Installing world_controller script to /home/wcy/ros2_ws/install/ackermann_car/lib/ackermann_car
[0.657s] writing list of installed files to '/home/wcy/ros2_ws/build/ackermann_car/install.log'
[0.677s] Invoked command in '/home/wcy/ros2_ws/src/ackermann_car' returned '0': PYTHONPATH=/home/wcy/ros2_ws/build/ackermann_car/prefix_override:/usr/lib/python3/dist-packages/colcon_core/task/python/colcon_distutils_commands:/home/wcy/ros2_ws/install/ackermann_car/lib/python3.10/site-packages:${PYTHONPATH} /usr/bin/python3 -W ignore:setup.py install is deprecated -W ignore:easy_install command is deprecated setup.py egg_info --egg-base ../../build/ackermann_car build --build-base /home/wcy/ros2_ws/build/ackermann_car/build install --record /home/wcy/ros2_ws/build/ackermann_car/install.log --single-version-externally-managed install_data
