running egg_info
writing ../../build/ackermann_car/ackermann_car.egg-info/PKG-INFO
writing dependency_links to ../../build/ackermann_car/ackermann_car.egg-info/dependency_links.txt
writing entry points to ../../build/ackermann_car/ackermann_car.egg-info/entry_points.txt
writing requirements to ../../build/ackermann_car/ackermann_car.egg-info/requires.txt
writing top-level names to ../../build/ackermann_car/ackermann_car.egg-info/top_level.txt
reading manifest file '../../build/ackermann_car/ackermann_car.egg-info/SOURCES.txt'
writing manifest file '../../build/ackermann_car/ackermann_car.egg-info/SOURCES.txt'
running build
running build_py
copying ackermann_car/controller/world_ctrl.py -> /home/wcy/ros2_ws/build/ackermann_car/build/lib/ackermann_car/controller
running install
running install_lib
copying /home/wcy/ros2_ws/build/ackermann_car/build/lib/ackermann_car/controller/world_ctrl.py -> /home/wcy/ros2_ws/install/ackermann_car/lib/python3.10/site-packages/ackermann_car/controller
byte-compiling /home/wcy/ros2_ws/install/ackermann_car/lib/python3.10/site-packages/ackermann_car/controller/world_ctrl.py to world_ctrl.cpython-310.pyc
running install_data
running install_egg_info
removing '/home/wcy/ros2_ws/install/ackermann_car/lib/python3.10/site-packages/ackermann_car-0.0.0-py3.10.egg-info' (and everything under it)
Copying ../../build/ackermann_car/ackermann_car.egg-info to /home/wcy/ros2_ws/install/ackermann_car/lib/python3.10/site-packages/ackermann_car-0.0.0-py3.10.egg-info
running install_scripts
Installing world_controller script to /home/wcy/ros2_ws/install/ackermann_car/lib/ackermann_car
writing list of installed files to '/home/wcy/ros2_ws/build/ackermann_car/install.log'
