[0.418s] Invoking command in '/home/wcy/ros2_ws/src/ackermann_car': PYTHONPATH=/home/wcy/ros2_ws/build/ackermann_car/prefix_override:/usr/lib/python3/dist-packages/colcon_core/task/python/colcon_distutils_commands:/home/wcy/ros2_ws/install/ackermann_car/lib/python3.10/site-packages:${PYTHONPATH} /usr/bin/python3 -W ignore:setup.py install is deprecated -W ignore:easy_install command is deprecated setup.py egg_info --egg-base ../../build/ackermann_car build --build-base /home/wcy/ros2_ws/build/ackermann_car/build install --record /home/wcy/ros2_ws/build/ackermann_car/install.log --single-version-externally-managed install_data
[0.582s] running egg_info
[0.582s] writing ../../build/ackermann_car/ackermann_car.egg-info/PKG-INFO
[0.582s] writing dependency_links to ../../build/ackermann_car/ackermann_car.egg-info/dependency_links.txt
[0.582s] writing entry points to ../../build/ackermann_car/ackermann_car.egg-info/entry_points.txt
[0.583s] writing requirements to ../../build/ackermann_car/ackermann_car.egg-info/requires.txt
[0.583s] writing top-level names to ../../build/ackermann_car/ackermann_car.egg-info/top_level.txt
[0.584s] reading manifest file '../../build/ackermann_car/ackermann_car.egg-info/SOURCES.txt'
[0.584s] writing manifest file '../../build/ackermann_car/ackermann_car.egg-info/SOURCES.txt'
[0.585s] running build
[0.585s] running build_py
[0.585s] running install
[0.585s] running install_lib
[0.586s] running install_data
[0.586s] copying launch/test_robot_description.launch.py -> /home/wcy/ros2_ws/install/ackermann_car/share/ackermann_car/launch
[0.586s] running install_egg_info
[0.587s] removing '/home/wcy/ros2_ws/install/ackermann_car/lib/python3.10/site-packages/ackermann_car-0.0.0-py3.10.egg-info' (and everything under it)
[0.588s] Copying ../../build/ackermann_car/ackermann_car.egg-info to /home/wcy/ros2_ws/install/ackermann_car/lib/python3.10/site-packages/ackermann_car-0.0.0-py3.10.egg-info
[0.588s] running install_scripts
[0.602s] Installing world_controller script to /home/wcy/ros2_ws/install/ackermann_car/lib/ackermann_car
[0.603s] writing list of installed files to '/home/wcy/ros2_ws/build/ackermann_car/install.log'
[0.621s] Invoked command in '/home/wcy/ros2_ws/src/ackermann_car' returned '0': PYTHONPATH=/home/wcy/ros2_ws/build/ackermann_car/prefix_override:/usr/lib/python3/dist-packages/colcon_core/task/python/colcon_distutils_commands:/home/wcy/ros2_ws/install/ackermann_car/lib/python3.10/site-packages:${PYTHONPATH} /usr/bin/python3 -W ignore:setup.py install is deprecated -W ignore:easy_install command is deprecated setup.py egg_info --egg-base ../../build/ackermann_car build --build-base /home/wcy/ros2_ws/build/ackermann_car/build install --record /home/wcy/ros2_ws/build/ackermann_car/install.log --single-version-externally-managed install_data
