[0.513s] Invoking command in '/home/wcy/ros2_ws/src/ackermann_car': PYTHONPATH=/home/wcy/ros2_ws/build/ackermann_car/prefix_override:/usr/lib/python3/dist-packages/colcon_core/task/python/colcon_distutils_commands:/home/wcy/ros2_ws/install/ackermann_car/lib/python3.8/site-packages:${PYTHONPATH} /usr/bin/python3 -W ignore:setup.py install is deprecated -W ignore:easy_install command is deprecated setup.py egg_info --egg-base ../../build/ackermann_car build --build-base /home/wcy/ros2_ws/build/ackermann_car/build install --record /home/wcy/ros2_ws/build/ackermann_car/install.log --single-version-externally-managed install_data
[0.680s] running egg_info
[0.680s] writing ../../build/ackermann_car/ackermann_car.egg-info/PKG-INFO
[0.680s] writing dependency_links to ../../build/ackermann_car/ackermann_car.egg-info/dependency_links.txt
[0.681s] writing entry points to ../../build/ackermann_car/ackermann_car.egg-info/entry_points.txt
[0.681s] writing requirements to ../../build/ackermann_car/ackermann_car.egg-info/requires.txt
[0.681s] writing top-level names to ../../build/ackermann_car/ackermann_car.egg-info/top_level.txt
[0.706s] reading manifest file '../../build/ackermann_car/ackermann_car.egg-info/SOURCES.txt'
[0.706s] writing manifest file '../../build/ackermann_car/ackermann_car.egg-info/SOURCES.txt'
[0.706s] running build
[0.706s] running build_py
[0.707s] running install
[0.707s] running install_lib
[0.709s] running install_data
[0.709s] copying urdf/ackermann_car.xacro -> /home/wcy/ros2_ws/install/ackermann_car/share/ackermann_car/urdf
[0.709s] running install_egg_info
[0.710s] removing '/home/wcy/ros2_ws/install/ackermann_car/lib/python3.8/site-packages/ackermann_car-0.0.0-py3.8.egg-info' (and everything under it)
[0.711s] Copying ../../build/ackermann_car/ackermann_car.egg-info to /home/wcy/ros2_ws/install/ackermann_car/lib/python3.8/site-packages/ackermann_car-0.0.0-py3.8.egg-info
[0.711s] running install_scripts
[0.725s] Installing world_controller script to /home/wcy/ros2_ws/install/ackermann_car/lib/ackermann_car
[0.725s] writing list of installed files to '/home/wcy/ros2_ws/build/ackermann_car/install.log'
[0.746s] Invoked command in '/home/wcy/ros2_ws/src/ackermann_car' returned '0': PYTHONPATH=/home/wcy/ros2_ws/build/ackermann_car/prefix_override:/usr/lib/python3/dist-packages/colcon_core/task/python/colcon_distutils_commands:/home/wcy/ros2_ws/install/ackermann_car/lib/python3.8/site-packages:${PYTHONPATH} /usr/bin/python3 -W ignore:setup.py install is deprecated -W ignore:easy_install command is deprecated setup.py egg_info --egg-base ../../build/ackermann_car build --build-base /home/wcy/ros2_ws/build/ackermann_car/build install --record /home/wcy/ros2_ws/build/ackermann_car/install.log --single-version-externally-managed install_data
