[1.497s] Invoking command in '/home/wcy/ros2_ws/src/ackermann_car': PYTHONPATH=/home/wcy/ros2_ws/build/ackermann_car/prefix_override:/usr/lib/python3/dist-packages/colcon_core/task/python/colcon_distutils_commands:/home/wcy/ros2_ws/install/ackermann_car/lib/python3.10/site-packages:${PYTHONPATH} /usr/bin/python3 -W ignore:setup.py install is deprecated -W ignore:easy_install command is deprecated setup.py egg_info --egg-base ../../build/ackermann_car build --build-base /home/wcy/ros2_ws/build/ackermann_car/build install --record /home/wcy/ros2_ws/build/ackermann_car/install.log --single-version-externally-managed install_data
[2.093s] running egg_info
[2.095s] writing ../../build/ackermann_car/ackermann_car.egg-info/PKG-INFO
[2.096s] writing dependency_links to ../../build/ackermann_car/ackermann_car.egg-info/dependency_links.txt
[2.096s] writing entry points to ../../build/ackermann_car/ackermann_car.egg-info/entry_points.txt
[2.096s] writing requirements to ../../build/ackermann_car/ackermann_car.egg-info/requires.txt
[2.097s] writing top-level names to ../../build/ackermann_car/ackermann_car.egg-info/top_level.txt
[2.101s] reading manifest file '../../build/ackermann_car/ackermann_car.egg-info/SOURCES.txt'
[2.103s] writing manifest file '../../build/ackermann_car/ackermann_car.egg-info/SOURCES.txt'
[2.104s] running build
[2.104s] running build_py
[2.104s] copying ackermann_car/controller/world_ctrl.py -> /home/wcy/ros2_ws/build/ackermann_car/build/lib/ackermann_car/controller
[2.105s] running install
[2.106s] running install_lib
[2.108s] copying /home/wcy/ros2_ws/build/ackermann_car/build/lib/ackermann_car/controller/world_ctrl.py -> /home/wcy/ros2_ws/install/ackermann_car/lib/python3.10/site-packages/ackermann_car/controller
[2.110s] byte-compiling /home/wcy/ros2_ws/install/ackermann_car/lib/python3.10/site-packages/ackermann_car/controller/world_ctrl.py to world_ctrl.cpython-310.pyc
[2.112s] running install_data
[2.113s] running install_egg_info
[2.117s] removing '/home/wcy/ros2_ws/install/ackermann_car/lib/python3.10/site-packages/ackermann_car-0.0.0-py3.10.egg-info' (and everything under it)
[2.118s] Copying ../../build/ackermann_car/ackermann_car.egg-info to /home/wcy/ros2_ws/install/ackermann_car/lib/python3.10/site-packages/ackermann_car-0.0.0-py3.10.egg-info
[2.121s] running install_scripts
[2.173s] Installing world_controller script to /home/wcy/ros2_ws/install/ackermann_car/lib/ackermann_car
[2.174s] writing list of installed files to '/home/wcy/ros2_ws/build/ackermann_car/install.log'
[2.228s] Invoked command in '/home/wcy/ros2_ws/src/ackermann_car' returned '0': PYTHONPATH=/home/wcy/ros2_ws/build/ackermann_car/prefix_override:/usr/lib/python3/dist-packages/colcon_core/task/python/colcon_distutils_commands:/home/wcy/ros2_ws/install/ackermann_car/lib/python3.10/site-packages:${PYTHONPATH} /usr/bin/python3 -W ignore:setup.py install is deprecated -W ignore:easy_install command is deprecated setup.py egg_info --egg-base ../../build/ackermann_car build --build-base /home/wcy/ros2_ws/build/ackermann_car/build install --record /home/wcy/ros2_ws/build/ackermann_car/install.log --single-version-externally-managed install_data
